2025-08-14 18:50:10,636 - INFO - TFTGenerator initialized.
2025-08-14 18:50:10,870 - INFO - 尝试从 input_files\ia_gen_models\cvs_pharmacy_tft.keras 加载预训练模型...
2025-08-14 18:50:10,939 - INFO - [数据集]
2025-08-14 18:50:12,495 - INFO - 模型加载成功
2025-08-14 18:53:37,948 - INFO - Fitted expon distribution with error=nan)
2025-08-14 18:53:37,949 - INFO - Fitted norm distribution with error=nan)
2025-08-14 18:53:37,949 - INFO - Fitted uniform distribution with error=nan)
2025-08-14 18:53:37,961 - WARNING - SKIPPED loguniform distribution (taking more than 30 seconds)
2025-08-14 18:53:38,104 - INFO - Fitted lognorm distribution with error=9999.999999999984)
2025-08-14 18:53:38,162 - INFO - Fitted uniform distribution with error=2.1110398993705648e-07)
2025-08-14 18:53:38,162 - INFO - Fitted expon distribution with error=1.4569523062557962e-07)
2025-08-14 18:53:38,163 - INFO - Fitted norm distribution with error=1.68650368803634e-07)
2025-08-14 18:53:38,506 - INFO - Fitted loguniform distribution with error=1.5188731389781126e-07)
2025-08-14 18:53:38,528 - INFO - Fitted lognorm distribution with error=2.132464298477745e-07)
2025-08-14 18:53:38,583 - INFO - Fitted expon distribution with error=1.6291406575180116e-07)
2025-08-14 18:53:38,584 - INFO - Fitted uniform distribution with error=2.1059180912666492e-07)
2025-08-14 18:53:38,585 - INFO - Fitted norm distribution with error=1.5078639407392015e-07)
2025-08-14 18:53:38,868 - INFO - Fitted loguniform distribution with error=1.4922761193423198e-07)
2025-08-14 18:53:38,944 - INFO - Fitted lognorm distribution with error=2.1273364195196455e-07)
2025-08-14 18:53:39,016 - INFO - Fitted uniform distribution with error=nan)
2025-08-14 18:53:39,016 - INFO - Fitted norm distribution with error=nan)
2025-08-14 18:53:39,025 - INFO - Fitted expon distribution with error=nan)
2025-08-14 18:53:39,027 - WARNING - SKIPPED loguniform distribution (taking more than 30 seconds)
2025-08-14 18:53:39,158 - INFO - Fitted lognorm distribution with error=9999.999999999984)
2025-08-14 18:53:39,212 - INFO - Fitted norm distribution with error=nan)
2025-08-14 18:53:39,212 - INFO - Fitted uniform distribution with error=nan)
2025-08-14 18:53:39,214 - INFO - Fitted expon distribution with error=nan)
2025-08-14 18:53:39,228 - WARNING - SKIPPED loguniform distribution (taking more than 30 seconds)
2025-08-14 18:53:39,362 - INFO - Fitted lognorm distribution with error=9999.999999999984)
2025-08-14 18:53:39,415 - INFO - Fitted expon distribution with error=nan)
2025-08-14 18:53:39,419 - INFO - Fitted uniform distribution with error=nan)
2025-08-14 18:53:39,420 - INFO - Fitted norm distribution with error=nan)
2025-08-14 18:53:39,439 - WARNING - SKIPPED loguniform distribution (taking more than 30 seconds)
2025-08-14 18:53:39,572 - INFO - Fitted lognorm distribution with error=9999.999999999984)
2025-08-14 18:53:39,635 - INFO - Fitted norm distribution with error=1.6454974361294115e-07)
2025-08-14 18:53:39,635 - INFO - Fitted expon distribution with error=1.0446817397380032e-07)
2025-08-14 18:53:39,636 - INFO - Fitted uniform distribution with error=2.1027909666344086e-07)
2025-08-14 18:53:39,967 - INFO - Fitted loguniform distribution with error=1.4716612840217352e-07)
2025-08-14 18:53:40,050 - INFO - Fitted lognorm distribution with error=2.1242005808967418e-07)
2025-08-14 18:53:40,100 - INFO - Fitted norm distribution with error=1.4779323205770655e-07)
2025-08-14 18:53:40,101 - INFO - Fitted expon distribution with error=1.9659704564338365e-07)
2025-08-14 18:53:40,101 - INFO - Fitted uniform distribution with error=2.1103625294386104e-07)
2025-08-14 18:53:40,422 - INFO - Fitted loguniform distribution with error=1.5457152760450896e-07)
2025-08-14 18:53:40,474 - INFO - Fitted lognorm distribution with error=2.131789895091807e-07)
2025-08-14 18:53:40,536 - INFO - Fitted norm distribution with error=1.6473408026943946e-07)
2025-08-14 18:53:40,537 - INFO - Fitted expon distribution with error=1.3485767615374203e-07)
2025-08-14 18:53:40,538 - INFO - Fitted uniform distribution with error=2.107664754669221e-07)
2025-08-14 18:53:40,832 - INFO - Fitted loguniform distribution with error=1.492748061131889e-07)
2025-08-14 18:53:40,876 - INFO - Fitted lognorm distribution with error=2.1290856705149056e-07)
2025-08-14 18:53:40,940 - INFO - Fitted norm distribution with error=nan)
2025-08-14 18:53:40,940 - INFO - Fitted uniform distribution with error=nan)
2025-08-14 18:53:40,941 - INFO - Fitted expon distribution with error=nan)
2025-08-14 18:53:40,954 - WARNING - SKIPPED loguniform distribution (taking more than 30 seconds)
2025-08-14 18:53:41,115 - INFO - Fitted lognorm distribution with error=9999.999999999984)
2025-08-14 18:53:41,163 - INFO - Fitted norm distribution with error=2.5693123671374923e-06)
2025-08-14 18:53:41,167 - INFO - Fitted uniform distribution with error=3.204246231930871e-06)
2025-08-14 18:53:41,172 - INFO - Fitted expon distribution with error=9.596836907072523e-08)
2025-08-14 18:53:41,241 - INFO - Fitted loguniform distribution with error=1.9362631772142038e-06)
2025-08-14 18:53:41,284 - INFO - Fitted lognorm distribution with error=2.2898260032683393e-08)
2025-08-14 18:53:41,329 - INFO - Fitted norm distribution with error=1.243458565061872e-07)
2025-08-14 18:53:41,334 - INFO - Fitted expon distribution with error=1.9327823122852758e-08)
2025-08-14 18:53:41,335 - INFO - Fitted uniform distribution with error=1.402273958482455e-07)
2025-08-14 18:53:41,436 - INFO - Fitted loguniform distribution with error=8.048768505290612e-08)
2025-08-14 18:53:41,441 - INFO - Fitted lognorm distribution with error=5.395197227275784e-09)
2025-08-14 18:53:41,486 - INFO - Fitted expon distribution with error=2.8279089199677774e-07)
2025-08-14 18:53:41,487 - INFO - Fitted norm distribution with error=4.133447916309802e-06)
2025-08-14 18:53:41,491 - INFO - Fitted uniform distribution with error=4.825925478599794e-06)
2025-08-14 18:53:41,546 - INFO - Fitted loguniform distribution with error=3.349773762639261e-06)
2025-08-14 18:53:41,603 - INFO - Fitted lognorm distribution with error=1.3329757849488218e-06)
2025-08-14 18:53:41,641 - INFO - Fitted uniform distribution with error=3.190146751223124e-05)
2025-08-14 18:53:41,649 - INFO - Fitted norm distribution with error=2.8580934229012338e-05)
2025-08-14 18:53:41,651 - INFO - Fitted expon distribution with error=1.8226802858412688e-05)
2025-08-14 18:53:41,719 - INFO - Fitted loguniform distribution with error=3.218662841755987e-05)
2025-08-14 18:53:41,738 - INFO - Fitted lognorm distribution with error=1.6044117175838843e-05)
2025-08-14 18:53:41,776 - INFO - Fitted norm distribution with error=nan)
2025-08-14 18:53:41,779 - INFO - Fitted uniform distribution with error=nan)
2025-08-14 18:53:41,783 - INFO - Fitted expon distribution with error=nan)
2025-08-14 18:53:41,841 - WARNING - SKIPPED loguniform distribution (taking more than 30 seconds)
2025-08-14 18:53:41,889 - INFO - Fitted lognorm distribution with error=9999.999999999984)
2025-08-14 18:53:41,965 - INFO - build_posterior_wrapper took 0.001507 seconds
2025-08-14 18:53:41,965 - INFO - TPE using 0 trials
2025-08-14 18:58:01,841 - INFO - build_posterior_wrapper took 0.001996 seconds
2025-08-14 18:58:01,841 - INFO - TPE using 1/1 trials with best loss 0.046587
